../Core/Src/main.c:119:5:_write	24	static
../Core/Src/main.c:130:5:main	8	static
../Core/Src/main.c:228:6:SystemClock_Config	88	static
../Core/Src/main.c:275:13:MX_USART2_UART_Init	8	static
../Core/Src/main.c:308:13:MX_GPIO_Init	40	static
../Core/Src/main.c:351:6:StartTask01	40	static
../Core/Src/main.c:399:6:StartTask02	24	static
../Core/Src/main.c:430:6:StartTask03	32	static
../Core/Src/main.c:466:6:StartTask04	24	static
../Core/Src/main.c:510:6:decodeMorse	24	static
../Core/Src/main.c:538:6:Error_Handler	4	static,ignoring_inline_asm
